PHASE 1

OPEN PORTS
port: 22
    Connected to scanme.nmap.org:22
    Elapsed: 0.15s
port: 80
    Connected to scanme.nmap.org:80
    Elapsed: 0.14s

CLOSED PORTS
port:443
    Socket error: [Errno 111] Connection refused
    Elapsed: 0.14s
port: 21
    Socket error: [Errno 111] Connection refused
    Elapsed: 0.15s
port: 8080
    Socket error: [Errno 111] Connection refused
    Elapsed: 0.14s

PHASE 2

scanme.nmap.org:22 is OPEN. --> this means there's an ssh service runni8ng and accepting connections

All these are closed, meaning the server is saying there's no service here. This is a good security practise.
scanme.nmap.org:9999 is CLOSED (refused)
scanme.nmap.org:53 is CLOSED (refused)
scanme.nmap.org:143 is CLOSED (refused)
scanme.nmap.org:993 is CLOSED (refused)
scanme.nmap.org:995 is CLOSED (refused)

PHASE 3

$ python lab4-2_scan.py --host scanme.nmap.org --ports 20-1024 --workers 30 --timeout 1.0
Scan complete in 4.76s — 2 open ports found
Wrote results to scan_results.json

Increasing the workers --> the scan completes faster, but too many workers can overwhelm the targets. Workers are the number of processes/threads used to perform the scan at the same time.
$ python lab4-2_scan.py --host scanme.nmap.org --ports 20-1024 --workers 50 --timeout 1.0
Scan complete in 2.93s — 2 open ports found
$ python lab4-2_scan.py --host scanme.nmap.org --ports 20-1024 --workers 100 --timeout 1.0
Scan complete in 1.54s — 2 open ports found


Increasing the timeout --> nothing really changes
$ python lab4-2_scan.py --host scanme.nmap.org --ports 20-1024 --workers 30 --timeout 3.0
Scan complete in 4.76s — 2 open ports found
$ python lab4-2_scan.py --host scanme.nmap.org --ports 20-1024 --workers 50 --timeout 3.0
Scan complete in 2.90s — 2 open ports found
$ python lab4-2_scan.py --host scanme.nmap.org --ports 20-1024 --workers 100 --timeout 3.0
Scan complete in 1.52s — 2 open ports found
$ python lab4-2_scan.py --host scanme.nmap.org --ports 20-1024 --workers 30 --timeout 10.0
Scan complete in 4.71s — 2 open ports found


PHASE 4
$ python3 lab4-2_banner.py scanner.nmap.org 22
    Banner (HTTP probe):
    SSH-2.0-OpenSSH_7.4

$ python3 lab4-2_banner.py scanner.nmap.org 80
    Banner (HTTP probe):
    HTTP/1.1 403 Forbidden
    Date: Mon, 10 Nov 2025 15:24:54 GMT
    Server: Apache/2.4.6 (CentOS)
    Content-Length: 393
    Connection: close
    Content-Type: text/html; charset=iso-8859-1

    <!DOCTYPE HTML PUBLIC "-//IETF//DTD HTML 2.0//EN">
    <html><head>
    <title>403 Forbidden</title>
    </head><body>
    <h1>Forbidden</h1>
    <p>You don't have permission to access /
    on this server.</p>
    <p>Additionally, a 403 Forbidden
    error was encountered while trying to use an ErrorDocument to handle the request.</p>
    <hr>
    <address>Apache/2.4.6 (CentOS) Server at example Port 80</address>
    </body></html>


PHASE 5 
$ python3 udp_probe_simple.py 1.1.1.1 53
{'host': '1.1.1.1', 'port': 53, 'reply': None, 'elapsed': None}

$ python3 udp_probe_simple.py 1.1.11 53 "0000010000010000000000000377777706676f6f676c6503636f6d0000010001"
{'host': '1.1.11', 'port': 53, 'reply': None, 'elapsed': None}